// Vitest Snapshot v1, https://vitest.dev/guide/snapshot.html

exports[`tests for MarketingCards.vue > should be render correctly 1`] = `
"<div class="wrapper">
  <div class="combinedCard">
    <div class="text-sm card card" style="background-color: rgb(255, 249, 243); max-width: 640px; height: 270px;">
      <h3 class="heading-3">Kanban 🧑‍💻</h3>
      <p class="text-base">Organize and visualize your projects with our intuitive Kanban board. Enhance productivity with ease.</p><img src="/kanban.png">
      <div class="user_container"></div>
    </div>
    <div class="text-sm card card" style="background-color: rgb(251, 251, 252); max-width: 640px; height: 300px;">
      <h3 class="heading-3">Collaborative 👥</h3>
      <p class="text-base">Improve your teamwork!</p><img src="/kanban.png">
      <div class="user_container"></div>
    </div>
  </div>
  <div class="combinedCard">
    <div class="text-sm card card" style="background-color: rgb(247, 249, 254); max-width: 500px; height: 420px;">
      <h3 class="heading-3">Members 🌐</h3>
      <p class="text-base">Invite new participants to your projects. Enjoy the development together!</p><img src="/kanban.png">
      <div class="user_container"></div>
    </div>
    <div class="text-sm card card" style="background-color: rgb(254, 247, 249); max-width: 500px; height: 100%;">
      <h3 class="heading-3">Templates 🔧</h3>
      <p class="text-base">Several starter templates are available to you.</p><img src="/kanban.png">
      <div class="user_container"></div>
    </div>
  </div>
  <div class="combinedCard">
    <div class="text-sm card card flexGrowCard" style="background-color: rgb(251, 251, 252); max-width: 100%;">
      <h3 class="heading-3">Chats 💬</h3>
      <p class="text-base">Communicate, share, discuss. Our convenience for you 😉</p><img src="/kanban.png">
      <div class="user_container"></div>
    </div>
  </div>
</div>"
`;
