// Vitest Snapshot v1, https://vitest.dev/guide/snapshot.html

exports[`tests for CardItem.vue > should render correctly 1`] = `
"<div class="text-sm card card">
  <div class="top">
    <div class="name"><span>Test Card</span></div>
    <div class="tags">
      <div class="text-xs badge secondary">test</div>
    </div>
  </div>
  <div class="bottom">
    <div class="left_container"><span> #0</span>
      <div class="messages">
        <div i-hugeicons-message-multiple-02="" text-sm=""></div><span>2</span>
      </div>
    </div>
    <div class="right_container">
      <div class="user_container"></div>
    </div>
  </div>
  <div class="indicator"></div>
  <div class="user_container"></div>
</div>"
`;
