// Vitest Snapshot v1, https://vitest.dev/guide/snapshot.html

exports[`tests for ColumnItem.vue > should render correctly 1`] = `
"<div class="column">
  <div class="text-sm top_part">
    <div class="name">test name of column<span>0</span></div>
    <div i-lucide-ellipsis="" text-base=""></div>
  </div>
  <div class="content">test content</div>
  <div class="bottom">
    <div class="text-sm add">
      <div i-hugeicons-plus-sign="" text-base=""></div> Add card (test)
    </div>
  </div>
</div>"
`;
