// Vitest Snapshot v1, https://vitest.dev/guide/snapshot.html

exports[`UiDropdown > should render correctly 1`] = `
"<div class="dropdown">
  <div class="wrapper">
    <div>trigger</div>
  </div>
  <transition-stub name="dropdown" appear="false" persisted="false" css="true">
    <div class="inside">
      <div class="header">
        <div>header</div>
      </div>
      <div class="content">
        <div>content</div>
      </div>
    </div>
  </transition-stub>
</div>"
`;
