// Vitest Snapshot v1, https://vitest.dev/guide/snapshot.html

exports[`tests for Home.vue > should be render correctly 1`] = `
"<div class="login">
  <auth-container-stub></auth-container-stub>
  <bg-panel-stub></bg-panel-stub>
</div>"
`;

exports[`tests for Login.vue > should be render correctly 1`] = `
"<div class="login">
  <auth-container-stub></auth-container-stub>
  <bg-panel-stub></bg-panel-stub>
</div>"
`;

exports[`tests for Registration.vue > should be render correctly 1`] = `
"<div class="login">
  <auth-container-stub></auth-container-stub>
  <bg-panel-stub></bg-panel-stub>
</div>"
`;
