// Vitest Snapshot v1, https://vitest.dev/guide/snapshot.html

exports[`tests for NotFoundPage.vue > should be render correctly 1`] = `
"<div class="container">
  <div class="items">
    <h1>404</h1>
    <h3>Not Found</h3>
    <p>The page you were looking for can't be found</p>
    <ui-button-stub variant="default" size="md"></ui-button-stub>
  </div>
</div>"
`;
