// Vitest Snapshot v1, https://vitest.dev/guide/snapshot.html

exports[`tests for AboutSection.vue > should be render correctly 1`] = `
"<section id="about" class="container">
  <div class="badge"><span style="margin-right: 3px;">✨</span><span class="text-sm">Core: Task Boards, Real-Time Tracking</span><span i-hugeicons-arrow-right-01="" class="arrow" style="margin-left: 0px;"></span></div>
  <h1>Your path to perfection</h1>
  <p class="text-lg">Jenda is a cloud-based program for efficient collaborative and individual project and task management.</p>
  <div class="btns">
    <ui-button-stub variant="default" size="md" loading="false" disabled="false" loadingplacement="leading"></ui-button-stub>
    <ui-button-stub variant="outline" size="md" loading="false" disabled="false" loadingplacement="leading" class="btn_git"></ui-button-stub>
  </div>
</section>"
`;
