// Vitest Snapshot v1, https://vitest.dev/guide/snapshot.html

exports[`tests for MarketingCards.vue > should be render correctly 1`] = `
"<div data-v-d8bb58c3="" class="w-full flex flex-col gap-10 mb-110px max-[520px]:mb-80px max-[680px]:gap-6">
  <div data-v-d8bb58c3="" class="flex items-center gap-5 max-[768px]:justify-center"><span data-v-d8bb58c3="" i-hugeicons-atom-01="" style="font-size: 30px;" class="text-neutral-700 dark:text-neutral-400"></span>
    <h2 data-v-d8bb58c3="" class="text-38px font-semibold dark:text-neutral-100 max-[1152px]:text-34px max-[1100px]:!text-32px max-[520px]:text-center !max-[520px]:text-28px">All convenience in one place</h2>
  </div>
  <section data-v-d8bb58c3="" class="flex px-7 gap-5 max-[680px]:flex-col max-[520px]:p-0">
    <div data-v-d8bb58c3="" class="combined-card">
      <div data-v-d8bb58c3="" class="relative flex flex-col p-1.5 rounded-8px shadow-sm border border-solid border-neutral-200 text-sm dark:border-neutral-700 card" style="background-color: rgb(255, 255, 255); max-width: 640px; height: 280px;">
        <div data-v-d8bb58c3="">
          <h3 data-v-d8bb58c3="" class="text-2xl font-semibold mb-2 dark:text-neutral-100 max-[680px]:text-xl">Kanban 🧑‍💻</h3>
          <p data-v-d8bb58c3="" class="text-base text-neutral-400 dark:text-neutral-200 max-[1220px]:mr-5">Organize and visualize your projects with our intuitive Kanban board. Enhance productivity with ease.</p>
        </div><img data-v-d8bb58c3="" src="/dev/dev-card.png" style="width: 720px; bottom: -260px; right: -360px; max-width: 400px;" class="absolute rounded-lg max-w-unset max-[1220px]:static max-[1220px]:h-unset !max-[1220px]:w-full max-[1220px]:mb--5px max-[1220px]:self-end max-[1220px]:justify-self-end max-[680px]:!max-w-300px">
        <div class="absolute bottom-1.5 top-1.5 w-fit"></div>
      </div>
      <div data-v-d8bb58c3="" class="relative flex flex-col p-1.5 rounded-8px shadow-sm border border-solid border-neutral-200 text-sm dark:border-neutral-700 card" style="padding-right: 40px; background-color: rgb(255, 255, 255); max-width: 640px; height: 280px;">
        <div data-v-d8bb58c3="">
          <h3 data-v-d8bb58c3="" class="text-2xl font-semibold mb-2 dark:text-neutral-100 max-[680px]:text-xl">Collaborative 👥</h3>
          <p data-v-d8bb58c3="" class="text-base text-neutral-400 dark:text-neutral-200 max-[1220px]:mr-5">Improve your teamwork!</p>
        </div><img data-v-d8bb58c3="" src="/dev/dev-card.png" style="width: 600px; bottom: -160px; right: 20px; max-width: 360px;" class="absolute rounded-lg max-w-unset max-[1220px]:static max-[1220px]:h-unset !max-[1220px]:w-full max-[1220px]:mb--5px max-[1220px]:self-end max-[1220px]:justify-self-end max-[680px]:!max-w-300px">
        <div class="absolute bottom-1.5 top-1.5 w-fit"></div>
      </div>
    </div>
    <div data-v-d8bb58c3="" class="combined-card">
      <div data-v-d8bb58c3="" class="relative flex flex-col p-1.5 rounded-8px shadow-sm border border-solid border-neutral-200 text-sm dark:border-neutral-700 card" style="background-color: rgb(255, 255, 255); max-width: 500px; height: 460px;">
        <div data-v-d8bb58c3="">
          <h3 data-v-d8bb58c3="" class="text-2xl font-semibold mb-2 dark:text-neutral-100 max-[680px]:text-xl">Activity 👔</h3>
          <p data-v-d8bb58c3="" class="text-base text-neutral-400 dark:text-neutral-200 max-[1220px]:mr-5">Analyze your activity and move forward.</p>
        </div><img data-v-d8bb58c3="" src="/dev/dev-card.png" style="width: 600px; bottom: -230px; right: -290px; max-width: 240px;" class="absolute rounded-lg max-w-unset max-[1220px]:static max-[1220px]:h-unset !max-[1220px]:w-full max-[1220px]:mb--5px max-[1220px]:self-end max-[1220px]:justify-self-end max-[680px]:!max-w-300px">
        <div class="absolute bottom-1.5 top-1.5 w-fit"></div>
      </div>
      <div data-v-d8bb58c3="" class="relative flex flex-col p-1.5 rounded-8px shadow-sm border border-solid border-neutral-200 text-sm dark:border-neutral-700 card" style="background-color: rgb(255, 255, 255); max-width: 500px; height: 100%;">
        <div data-v-d8bb58c3="">
          <h3 data-v-d8bb58c3="" class="text-2xl font-semibold mb-2 dark:text-neutral-100 max-[680px]:text-xl">Chats 💬</h3>
          <p data-v-d8bb58c3="" class="text-base text-neutral-400 dark:text-neutral-200 max-[1220px]:mr-5">Communicate, share, discuss. Our convenience for you 😉</p>
        </div><img data-v-d8bb58c3="" src="/dev/dev-card.png" style="width: 700px; bottom: -200px; right: -500px; max-width: 300px;" class="absolute rounded-lg max-w-unset max-[1220px]:static max-[1220px]:h-unset !max-[1220px]:w-full max-[1220px]:mb--5px max-[1220px]:self-end max-[1220px]:justify-self-end max-[680px]:!max-w-300px">
        <div class="absolute bottom-1.5 top-1.5 w-fit"></div>
      </div>
    </div>
    <!--v-if-->
  </section>
</div>"
`;
