// Vitest Snapshot v1, https://vitest.dev/guide/snapshot.html

exports[`UiAlert > should have content at slot 1`] = `
"<div class="alert" style="background: rgb(250, 250, 250); border: 1.5px solid #e4e4e7;">hello from alert<anonymous-stub class="x_mark"></anonymous-stub>
</div>"
`;

exports[`UiAlert > should have content at slot and render x icon 1`] = `
"<div class="alert" style="background: rgb(250, 250, 250); border: 1.5px solid #e4e4e7;">hello from alert<anonymous-stub class="x_mark"></anonymous-stub>
</div>"
`;

exports[`UiAlert > should have content at slot and x icon 1`] = `
"<div class="alert" style="background: rgb(250, 250, 250); border: 1.5px solid #e4e4e7;">hello from alert<anonymous-stub class="x_mark"></anonymous-stub>
</div>"
`;
