// Vitest Snapshot v1, https://vitest.dev/guide/snapshot.html

exports[`tests for KanbanWrapper.vue > should be render correctly 1`] = `
"<div class="kanban_wrapper">
  <div>
    <div class="columns" tag="ul" name="flip-list" type="transition"></div>
  </div>
  <div class="text-sm block">
    <div i-lucide-plus="" text-base=""></div> Add new column
  </div>
  <!--teleport start-->
  <!--teleport end-->
</div>"
`;
