// Vitest Snapshot v1, https://vitest.dev/guide/snapshot.html

exports[`tests for WorkSpace.vue > should be render correctly 1`] = `
"<div class="sidebar_main_links"><a class="link"><button class="text-sm button secondary md link_btn" style="justify-content: flex-start;">
      <!--v-if--><svg xmlns="http://www.w3.org/2000/svg" xmlns:xlink="http://www.w3.org/1999/xlink" aria-hidden="true" role="img" class="icon" width="1em" height="1em" viewBox="0 0 16 16"></svg><span class="text-sm">Boards</span>
    </button></a></div>"
`;
