// Vitest Snapshot v1, https://vitest.dev/guide/snapshot.html

exports[`uiSheet > should render correctly 1`] = `
"<teleport-stub to="body">
  <div class="sheet" aria-hidden="false" role="dialog">
    <transition-stub appear="false" persisted="true" css="true">
      <div class="sheet_overlay"></div>
    </transition-stub>
    <div class="sheet_content">
      <header class="sheet_header">sheet header<div i-lucide-x="" text-base="" class="header_icon"></div>
      </header>
      <main class="sheet_main">test</main>
      <footer class="text-sm sheet_footer">sheet footer</footer>
    </div>
  </div>
</teleport-stub>"
`;
