// Vitest Snapshot v1, https://vitest.dev/guide/snapshot.html

exports[`tests for FooterWelcome.vue > should be render correctly 1`] = `
"<footer class="footer">
  <div class="container">
    <p class="text-sm"><span class="brand">Jenda</span> - cloud-based program for task management. The source code is available on <a class="link"> Github </a></p>
  </div>
</footer>"
`;
